C51 COMPILER V9.00   MAIN                                                                  03/04/2020 17:52:06 PAGE 1   


C51 COMPILER V9.00, COMPILATION OF MODULE MAIN
OBJECT MODULE PLACED IN main.OBJ
COMPILER INVOKED BY: C:\APPS\Keil\C51\BIN\C51.EXE main.c BROWSE DEBUG OBJECTEXTEND

line level    source

   1          #include <reg52.h>
   2          #include <intrins.h>
   3          #define uchar unsigned char
   4          #define uint unsigned int
   5          #include <AT24C02.h>
   6          uchar code table0[]=              //共阳码
   7                             { 0xc0,0xf9,0xa4,0xb0,0x99,0x92,0x82,0xf8,
   8                                               0x80,0x90,0x88,0x83,0xc6,0xa1,0x86,0x8e};
   9          uchar code table2[]={0x01,0x02,0x04,0x08};      //位选码
  10          uint count;                                        //计数的值
  11          sbit K1=P1^0;                              //加1按钮
  12          sbit K2=P1^3;                              //减1按钮
  13          sbit K3=P1^6;                              //置零按钮
  14          
  15          void write_add(uchar address,uchar date);   //调用AT24C02.H中的读写函数
  16          uchar read_add(uchar address);
  17          void initeeprom();
  18          
  19          void delayms(uint x)
  20          {
  21   1              uchar t;
  22   1              while(x--)
  23   1                      for(t=0;t<120;t++);
  24   1      }
  25          
  26          void AT24c_Read()  //从AT24C02读出count数据
  27          {
  28   1              uchar a,b;
  29   1              a=read_add(0x00);  //高8位
  30   1              delayms(10);
  31   1              b=read_add(0x01);  //低8位
  32   1              count = a*256+b;
  33   1              delayms(10);
  34   1      }
  35          
  36          void AT24c_Write() //把count写入AT24C02
  37          {
  38   1              uchar a,b;
  39   1              a=count/256;
  40   1              b=count%256;
  41   1              delayms(10);
  42   1              write_add(0x00,a);
  43   1              delayms(10);
  44   1              write_add(0x01,b);
  45   1      } 
  46          
  47          void display(uint temp)                 //显示子程序
  48          {
  49   1              uchar i,buf[4];
  50   1              buf[0]=temp/1000;                       //分离4位数值的千、百、十、个位
  51   1              buf[1]=temp%1000/100;
  52   1              buf[2]=temp%100/10;
  53   1              buf[3]=temp%10;
  54   1              for(i=0;i<4;i++)                        //4位轮流显示
  55   1              {
C51 COMPILER V9.00   MAIN                                                                  03/04/2020 17:52:06 PAGE 2   

  56   2                      P2=table2[i];                   //送位选信号
  57   2                      P0=table0[buf[i]];              //送段选信号
  58   2                      delayms(5);                             //延时一段时间
  59   2                      P1=0xff;                                //消隐
  60   2              }
  61   1      }
  62          
  63          void KeyScan()                                          //按键扫描函数
  64          {                                                                       
  65   1              if(K1==0)                                               //加1按键
  66   1              {                                                               
  67   2                      while(K1==0);                           //等待用户释放按键
  68   2                      if(count<9999)count++;          //count加1
  69   2                      AT24c_Write();                  //把count写入AT24C02
  70   2              }
  71   1              if(K2==0)                                               //减1按键
  72   1              {
  73   2                      while(K2==0);
  74   2                      if(count>0)count--;
  75   2                      AT24c_Write();
  76   2              }
  77   1              if(K3==0)                                               //置零按键
  78   1              {
  79   2                      while(K3==0);
  80   2                      if(count!=0)
  81   2                      {
  82   3                              count=0;
  83   3                              AT24c_Write();
  84   3                      }
  85   2              }
  86   1      }
  87          
  88          void main()                                                //主函数
  89          {
  90   1              initeeprom();   //读取初始参数
  91   1              AT24c_Read();   //从AT24C02中读出count初值
  92   1              while(1)
  93   1              {
  94   2                      display(count);
  95   2                      KeyScan();
  96   2              }
  97   1      }
  98          
  99          
 100          
 101                  


MODULE INFORMATION:   STATIC OVERLAYABLE
   CODE SIZE        =    489    ----
   CONSTANT SIZE    =     20    ----
   XDATA SIZE       =   ----    ----
   PDATA SIZE       =   ----    ----
   DATA SIZE        =      2       5
   IDATA SIZE       =   ----    ----
   BIT SIZE         =   ----    ----
END OF MODULE INFORMATION.


C51 COMPILATION COMPLETE.  0 WARNING(S),  0 ERROR(S)
